{
  "action_max_abs_diff_16bit_vs_w4a4": 0.07273173910522468,
  "action_shape": [
    10,
    7
  ],
  "baseline_16bit": {
    "max_ms": 274.2578312754631,
    "mean_ms": 270.6349031999707,
    "median_ms": 270.2211132273078,
    "min_ms": 269.1553421318531,
    "p95_ms": 273.4550107270479,
    "samples_ms": [
      274.2578312754631,
      270.36466263234615,
      270.5639377236366,
      269.7337958961725,
      271.6038953512907,
      269.60890367627144,
      270.33148892223835,
      269.90102231502533,
      273.0549406260252,
      269.3737559020519,
      270.19231021404266,
      270.17775923013687,
      269.55500431358814,
      273.4550107270479,
      270.3970856964588,
      270.01640386879444,
      270.24991624057293,
      269.3800777196884,
      271.3249195367098,
      269.1553421318531
    ]
  },
  "config": {
    "baseline": "FP16 autocast",
    "compute_dtype": "fp16",
    "ours": "Pali 18x fused gate+up W4A4 (N=32768, one shared activation quantize); rest 16-bit",
    "protocol": "same-process ABBA interleave, dense weights resident (latency-only)",
    "rounds": 10,
    "samples_per_arm": 20,
    "seed": 0,
    "torch_compile": false,
    "warmup_per_arm": 3
  },
  "environment": {
    "compute_capability": "8.0",
    "gpu": "NVIDIA A100-SXM4-40GB",
    "gpu0_uuid_smclock_memclock_temp_power": "GPU-aedc5ae3-c464-fae0-27ec-c0901978add6, 1410 MHz, 1215 MHz, 35, 58.90 W",
    "torch": "2.7.1+cu126",
    "torch_cuda": "12.6"
  },
  "experiment": "pi05_libero_w4a4_fused_gateup_interleaved_ab",
  "ours_w4a4": {
    "max_ms": 273.4813950955868,
    "mean_ms": 269.0735913813114,
    "median_ms": 268.22588685899973,
    "min_ms": 267.17229187488556,
    "p95_ms": 272.181149572134,
    "samples_ms": [
      268.3294527232647,
      267.4685958772898,
      273.4813950955868,
      268.02562549710274,
      269.197266548872,
      268.34404841065407,
      271.6414090245962,
      267.6265109330416,
      267.28055998682976,
      268.108194693923,
      271.55908197164536,
      271.0220441222191,
      268.0054772645235,
      268.3906629681587,
      268.1167609989643,
      269.512040540576,
      268.12232099473476,
      267.88693852722645,
      272.181149572134,
      267.17229187488556
    ]
  },
  "replacement": {
    "fused_layers": 18,
    "fused_shape": "2048x32768",
    "pack_seconds": 0.21902914717793465,
    "per_step_scale_table": false,
    "rank": 0,
    "weight_quantization": "symmetric signed INT4 RTN, group_size=64"
  },
  "schedule": [
    "16bit",
    "w4a4",
    "w4a4",
    "16bit",
    "w4a4",
    "16bit",
    "16bit",
    "w4a4",
    "16bit",
    "w4a4",
    "w4a4",
    "16bit",
    "w4a4",
    "16bit",
    "16bit",
    "w4a4",
    "16bit",
    "w4a4",
    "w4a4",
    "16bit",
    "w4a4",
    "16bit",
    "16bit",
    "w4a4",
    "16bit",
    "w4a4",
    "w4a4",
    "16bit",
    "w4a4",
    "16bit",
    "16bit",
    "w4a4",
    "16bit",
    "w4a4",
    "w4a4",
    "16bit",
    "w4a4",
    "16bit",
    "16bit",
    "w4a4"
  ],
  "speedup_ours_vs_16bit": 1.0074386047956547
}
