{
  "config": {
    "baseline": "FP16 autocast",
    "compute_dtype": "fp16",
    "denoise_steps": 10,
    "ours": "Pali 18x fused gate+up W4A4 (N=32768); rest 16-bit",
    "protocol": "same-process ABBA interleave per batch size; sample_actions timed directly",
    "rounds": 6,
    "samples_per_arm_per_batch": 12,
    "seed": 0,
    "torch_compile": false,
    "warmup_per_arm": 3
  },
  "environment": {
    "compute_capability": "8.0",
    "gpu": "NVIDIA A100-SXM4-40GB",
    "gpu0_uuid_smclock_memclock_temp_power": "GPU-aedc5ae3-c464-fae0-27ec-c0901978add6, 1410 MHz, 1215 MHz, 51, 175.01 W",
    "torch": "2.7.1+cu126",
    "torch_cuda": "12.6"
  },
  "experiment": "pi05_libero_w4a4_fused_gateup_batch_sweep",
  "replacement": {
    "fused_layers": 18,
    "fused_shape": "2048x32768",
    "pack_seconds": 0.25398399122059345,
    "per_step_scale_table": false,
    "rank": 0,
    "weight_quantization": "symmetric signed INT4 RTN, group_size=64"
  },
  "results": [
    {
      "baseline_16bit": {
        "max_ms": 287.60671988129616,
        "mean_ms": 278.14377564936876,
        "median_ms": 277.4325469508767,
        "min_ms": 274.3745408952236,
        "p95_ms": 287.60671988129616,
        "samples_ms": [
          276.26684308052063,
          278.61523628234863,
          274.3745408952236,
          281.4041655510664,
          275.46000480651855,
          275.06382390856743,
          276.29197761416435,
          278.48042361438274,
          278.450395911932,
          276.41469798982143,
          279.2964782565832,
          287.60671988129616
        ]
      },
      "baseline_ms_per_sample": 277.4325469508767,
      "batch": 1,
      "ours_ms_per_sample": 275.4525225609541,
      "ours_w4a4": {
        "max_ms": 280.4544195532799,
        "mean_ms": 275.607807872196,
        "median_ms": 275.4525225609541,
        "min_ms": 273.35143834352493,
        "p95_ms": 280.4544195532799,
        "samples_ms": [
          273.7381961196661,
          277.36080437898636,
          273.35143834352493,
          274.176524952054,
          276.1427015066147,
          274.22909066081047,
          275.78077279031277,
          274.30181950330734,
          276.5394262969494,
          280.4544195532799,
          275.1242723315954,
          276.0942280292511
        ]
      },
      "speedup": 1.0071882601455735
    },
    {
      "baseline_16bit": {
        "max_ms": 404.62514758110046,
        "mean_ms": 372.37769629185397,
        "median_ms": 369.85678505152464,
        "min_ms": 365.8799007534981,
        "p95_ms": 404.62514758110046,
        "samples_ms": [
          370.37545815110207,
          372.44419008493423,
          366.8810483068228,
          365.8799007534981,
          369.40343491733074,
          368.09144727885723,
          367.78291687369347,
          369.279932230711,
          370.6900682300329,
          370.31013518571854,
          404.62514758110046,
          372.7686759084463
        ]
      },
      "baseline_ms_per_sample": 92.46419626288116,
      "batch": 4,
      "ours_ms_per_sample": 89.13980703800917,
      "ours_w4a4": {
        "max_ms": 362.5976871699095,
        "mean_ms": 357.80954640358686,
        "median_ms": 356.55922815203667,
        "min_ms": 355.0301641225815,
        "p95_ms": 362.5976871699095,
        "samples_ms": [
          356.5727677196264,
          355.0301641225815,
          356.0951091349125,
          355.4252628237009,
          356.2539890408516,
          356.5456885844469,
          355.95348477363586,
          362.5976871699095,
          358.1634908914566,
          360.91361939907074,
          360.3745624423027,
          359.7887307405472
        ]
      },
      "speedup": 1.037294103895182
    },
    {
      "baseline_16bit": {
        "max_ms": 501.5443190932274,
        "mean_ms": 497.77349177747965,
        "median_ms": 497.78651632368565,
        "min_ms": 495.43091282248497,
        "p95_ms": 501.5443190932274,
        "samples_ms": [
          496.5243823826313,
          498.9035241305828,
          498.10666404664516,
          496.8923795968294,
          497.4663686007261,
          498.57412464916706,
          495.59877067804337,
          499.24985878169537,
          499.38807263970375,
          495.60252390801907,
          495.43091282248497,
          501.5443190932274
        ]
      },
      "baseline_ms_per_sample": 62.223314540460706,
      "batch": 8,
      "ours_ms_per_sample": 59.34604851063341,
      "ours_w4a4": {
        "max_ms": 478.38132828474045,
        "mean_ms": 474.03513997172314,
        "median_ms": 474.7683880850673,
        "min_ms": 468.4773050248623,
        "p95_ms": 478.38132828474045,
        "samples_ms": [
          478.38132828474045,
          474.63456355035305,
          475.53456760942936,
          476.3898979872465,
          474.9022126197815,
          472.2915533930063,
          472.59638644754887,
          474.9681279063225,
          471.2290074676275,
          468.4773050248623,
          471.7411808669567,
          477.27554850280285
        ]
      },
      "speedup": 1.0484828577813696
    },
    {
      "baseline_16bit": {
        "max_ms": 813.7416150420904,
        "mean_ms": 802.7561948013803,
        "median_ms": 800.442086532712,
        "min_ms": 798.2486449182034,
        "p95_ms": 813.7416150420904,
        "samples_ms": [
          803.0782137066126,
          800.2570681273937,
          799.9017089605331,
          799.8075280338526,
          800.6271049380302,
          799.7525632381439,
          799.8383082449436,
          798.2486449182034,
          801.6734942793846,
          813.7416150420904,
          808.06646309793,
          808.0816250294447
        ]
      },
      "baseline_ms_per_sample": 50.0276304082945,
      "batch": 16,
      "ours_ms_per_sample": 45.79096956877038,
      "ours_w4a4": {
        "max_ms": 741.4713129401207,
        "mean_ms": 734.2145474006733,
        "median_ms": 732.6555131003261,
        "min_ms": 729.2504012584686,
        "p95_ms": 741.4713129401207,
        "samples_ms": [
          733.5462588816881,
          737.9622180014849,
          729.4321060180664,
          730.4895855486393,
          729.2504012584686,
          737.7982269972563,
          730.1382962614298,
          741.4713129401207,
          731.764767318964,
          731.220792979002,
          738.0328830331564,
          739.4677195698023
        ]
      },
      "speedup": 1.0925217543856844
    }
  ]
}
